DaemonSet spec for windows nodes should match snapshot when overriding cluster ID:
  1: |
    affinity:
      nodeAffinity:
        requiredDuringSchedulingIgnoredDuringExecution:
          nodeSelectorTerms:
            - matchExpressions:
                - key: eks.amazonaws.com/compute-type
                  operator: NotIn
                  values:
                    - fargate
    containers:
      - command:
          - c:\wrapper.exe
          - c:\swi-otelcol.exe
          - --config=c:\conf\relay.yaml
          - --feature-gates=filelog.container.removeOriginalTimeField
        env:
          - name: CHECKPOINT_DIR
            value: c:/var/lib/swo/checkpoints
          - name: POD_NAME
            valueFrom:
              fieldRef:
                fieldPath: metadata.name
          - name: POD_NAMESPACE
            valueFrom:
              fieldRef:
                fieldPath: metadata.namespace
          - name: NODE_NAME
            valueFrom:
              fieldRef:
                fieldPath: spec.nodeName
          - name: SOLARWINDS_API_TOKEN
            valueFrom:
              secretKeyRef:
                key: SOLARWINDS_API_TOKEN
                name: solarwinds-api-token
                optional: true
          - name: GOMEMLIMIT
            valueFrom:
              resourceFieldRef:
                resource: limits.memory
        envFrom:
          - configMapRef:
              name: RELEASE-NAME-swo-k8s-collector-common-env
        image: solarwinds/swi-opentelemetry-collector:1.0.0-nanoserver
        imagePullPolicy: IfNotPresent
        livenessProbe:
          httpGet:
            path: /
            port: 13133
        name: swi-opentelemetry-collector
        ports:
          - containerPort: 8888
            name: http
            protocol: TCP
        readinessProbe:
          httpGet:
            path: /
            port: 13133
        resources:
          limits:
            memory: 1Gi
          requests:
            memory: 50Mi
        volumeMounts:
          - mountPath: c:\var\log\pods
            name: varlogpods
            readOnly: true
          - mountPath: c:\var\log\containers
            name: varlogcontainers
            readOnly: true
          - mountPath: c:\var\lib\docker\containers
            name: varlibdockercontainers
            readOnly: true
          - mountPath: c:\conf
            name: opentelemetry-collector-configmap
            readOnly: true
          - mountPath: c:/var/lib/swo/checkpoints
            name: logcheckpoints
    nodeSelector:
      kubernetes.io/arch: amd64
      kubernetes.io/os: windows
    serviceAccountName: RELEASE-NAME-swo-k8s-collector
    terminationGracePeriodSeconds: 600
    tolerations:
      - effect: NoSchedule
        operator: Exists
    volumes:
      - hostPath:
          path: c:\var\log\pods
        name: varlogpods
      - hostPath:
          path: c:\var\log\containers
        name: varlogcontainers
      - hostPath:
          path: c:\var\lib\docker\containers
        name: varlibdockercontainers
      - hostPath:
          path: c:/var/lib/swo/checkpoints/6eb3475096f465fb33e3929d08ca7e1913c2896feb5e001b3600a56f3964b4d9
          type: DirectoryOrCreate
        name: logcheckpoints
      - configMap:
          items:
            - key: logs.config
              path: relay.yaml
          name: RELEASE-NAME-swo-k8s-collector-node-collector-config-windows
        name: opentelemetry-collector-configmap
DaemonSet spec for windows nodes should match snapshot when using default values:
  1: |
    affinity:
      nodeAffinity:
        requiredDuringSchedulingIgnoredDuringExecution:
          nodeSelectorTerms:
            - matchExpressions:
                - key: eks.amazonaws.com/compute-type
                  operator: NotIn
                  values:
                    - fargate
    containers:
      - command:
          - c:\wrapper.exe
          - c:\swi-otelcol.exe
          - --config=c:\conf\relay.yaml
          - --feature-gates=filelog.container.removeOriginalTimeField
        env:
          - name: CHECKPOINT_DIR
            value: c:/var/lib/swo/checkpoints
          - name: POD_NAME
            valueFrom:
              fieldRef:
                fieldPath: metadata.name
          - name: POD_NAMESPACE
            valueFrom:
              fieldRef:
                fieldPath: metadata.namespace
          - name: NODE_NAME
            valueFrom:
              fieldRef:
                fieldPath: spec.nodeName
          - name: SOLARWINDS_API_TOKEN
            valueFrom:
              secretKeyRef:
                key: SOLARWINDS_API_TOKEN
                name: solarwinds-api-token
                optional: true
          - name: GOMEMLIMIT
            valueFrom:
              resourceFieldRef:
                resource: limits.memory
        envFrom:
          - configMapRef:
              name: RELEASE-NAME-swo-k8s-collector-common-env
        image: solarwinds/swi-opentelemetry-collector:1.0.0-nanoserver
        imagePullPolicy: IfNotPresent
        livenessProbe:
          httpGet:
            path: /
            port: 13133
        name: swi-opentelemetry-collector
        ports:
          - containerPort: 8888
            name: http
            protocol: TCP
        readinessProbe:
          httpGet:
            path: /
            port: 13133
        resources:
          limits:
            memory: 1Gi
          requests:
            memory: 50Mi
        volumeMounts:
          - mountPath: c:\var\log\pods
            name: varlogpods
            readOnly: true
          - mountPath: c:\var\log\containers
            name: varlogcontainers
            readOnly: true
          - mountPath: c:\var\lib\docker\containers
            name: varlibdockercontainers
            readOnly: true
          - mountPath: c:\conf
            name: opentelemetry-collector-configmap
            readOnly: true
          - mountPath: c:/var/lib/swo/checkpoints
            name: logcheckpoints
    nodeSelector:
      kubernetes.io/arch: amd64
      kubernetes.io/os: windows
    serviceAccountName: RELEASE-NAME-swo-k8s-collector
    terminationGracePeriodSeconds: 600
    tolerations:
      - effect: NoSchedule
        operator: Exists
    volumes:
      - hostPath:
          path: c:\var\log\pods
        name: varlogpods
      - hostPath:
          path: c:\var\log\containers
        name: varlogcontainers
      - hostPath:
          path: c:\var\lib\docker\containers
        name: varlibdockercontainers
      - hostPath:
          path: c:/var/lib/swo/checkpoints/7e819eda63eb48d6b9aee7eda8e239c756bfe327e64ac579b5469466b0ca1e2d
          type: DirectoryOrCreate
        name: logcheckpoints
      - configMap:
          items:
            - key: logs.config
              path: relay.yaml
          name: RELEASE-NAME-swo-k8s-collector-node-collector-config-windows
        name: opentelemetry-collector-configmap
