Deployment spec should match snapshot when ebpfNetworkMonitoring is enabled:
  1: |
    containers:
      - args:
          - --port=7000
          - --log-console
          - --no-log-file
          - --warning
          - --enable-aws-enrichment
          - --disable-prometheus-metrics
          - --enable-otlp-grpc-metrics
          - --otlp-grpc-metrics-host=swo-gateway
          - --otlp-grpc-metrics-port=4317
          - --num-ingest-shards=3
          - --num-matching-shards=3
          - --num-aggregation-shards=3
        env:
          - name: EBPF_NET_CRASH_METRIC_HOST
            value: swo-gateway
          - name: EBPF_NET_CRASH_METRIC_PORT
            value: "4317"
        image: solarwinds/opentelemetry-ebpf-reducer:v0.10.3
        imagePullPolicy: IfNotPresent
        name: reducer
        ports:
          - containerPort: 7000
            name: telemetry
            protocol: TCP
        readinessProbe:
          exec:
            command:
              - /srv/health_check.sh
              - readiness_probe
              - localhost
              - "7000"
          initialDelaySeconds: 5
          periodSeconds: 20
          timeoutSeconds: 5
        resources: null
        volumeMounts: null
    initContainers:
      - command:
          - sh
          - -c
          - until nc -zv $GATEWAY_HOST $GATEWAY_PORT; do echo "Waiting for gateway endpoint..."; sleep 5; done;
        env:
          - name: GATEWAY_HOST
            value: swo-gateway
          - name: GATEWAY_PORT
            value: "4317"
        image: busybox:1.36.1
        imagePullPolicy: IfNotPresent
        name: wait-for-gateway
    nodeSelector:
      kubernetes.io/os: linux
    volumes: null
